
> frontend-react@0.1.0 build
> react-scripts build

Creating an optimized production build...
Failed to compile.

Module not found: Error: Can't resolve 'locales/ku/translation.json' in 'C:\Users\MSI - RTX\Music\Documents\personal\frontend-react\src\config'


